============================= test session starts =============================
platform win32 -- Python 3.13.7, pytest-7.4.3, pluggy-1.6.0 -- C:\Users\mfgul\AppData\Local\Programs\Python\Python313\python.exe
cachedir: .pytest_cache
rootdir: C:\kokpitim
configfile: pytest.ini
plugins: anyio-4.11.0, Faker-24.0.0, cov-4.1.0, flask-1.3.0
collecting ... collected 38 items

tests/test_api_health.py::TestHealthEndpoint::test_health_check_success ERROR [  2%]
tests/test_api_health.py::TestHealthEndpoint::test_health_check_structure ERROR [  5%]
tests/test_k_radar_regression.py::test_k_radar_new_endpoints_smoke ERROR [  7%]
tests/test_k_radar_regression.py::test_k_radar_write_forbidden_for_non_manager ERROR [ 10%]
tests/test_k_radar_regression.py::test_k_radar_tenant_isolation_read ERROR [ 13%]
tests/test_k_radar_regression.py::test_k_radar_recommendation_history_and_csv_contract ERROR [ 15%]
tests/test_micro_proje_display.py::test_user_display_missing_id PASSED   [ 18%]
tests/test_micro_proje_display.py::test_user_display_map_hit PASSED      [ 21%]
tests/test_micro_proje_display.py::test_user_display_fallback_numeric PASSED [ 23%]
tests/test_models.py::TestUserModel::test_user_creation ERROR            [ 26%]
tests/test_models.py::TestUserModel::test_password_hashing ERROR         [ 28%]
tests/test_models.py::TestUserModel::test_user_repr ERROR                [ 31%]
tests/test_models.py::TestTenantModel::test_tenant_creation ERROR        [ 34%]
tests/test_models.py::TestAuditLogModel::test_audit_log_creation ERROR   [ 36%]
tests/test_performance_service.py::TestPerformanceService::test_calculateHedefDeger_basit PASSED [ 39%]
tests/test_performance_service.py::TestPerformanceService::test_calculateHedefDeger_toplam PASSED [ 42%]
tests/test_performance_service.py::TestPerformanceService::test_hesapla_durum PASSED [ 44%]
tests/test_performance_service.py::TestPerformanceService::test_get_last_friday_of_month PASSED [ 47%]
tests/test_performance_service.py::TestPerformanceService::test_get_last_friday_of_quarter PASSED [ 50%]
tests/test_performance_service.py::TestPerformanceService::test_get_last_friday_of_year PASSED [ 52%]
tests/test_project_service.py::TestProjectService::test_calculate_veri_tarihi_aylik ERROR [ 55%]
tests/test_project_service.py::TestProjectService::test_calculate_veri_tarihi_ceyrek ERROR [ 57%]
tests/test_project_service.py::TestProjectService::test_get_periyot_bilgileri_aylik ERROR [ 60%]
tests/test_project_service.py::TestProjectService::test_handle_task_completion_no_impacts ERROR [ 63%]
tests/test_project_service.py::TestProjectService::test_handle_task_completion_with_impact ERROR [ 65%]
tests/test_services.py::TestCacheService::test_cache_key_generation FAILED [ 68%]
tests/test_services.py::TestCacheService::test_tenant_cache_key FAILED   [ 71%]
tests/test_services.py::TestAuditLogger::test_log_create FAILED          [ 73%]
tests/test_services.py::TestAuditLogger::test_log_update FAILED          [ 76%]
tests/test_validation.py::TestKpiDataSchema::test_valid_kpi_data PASSED  [ 78%]
tests/test_validation.py::TestKpiDataSchema::test_negative_value PASSED  [ 81%]
tests/test_validation.py::TestKpiDataSchema::test_future_date PASSED     [ 84%]
tests/test_validation.py::TestKpiDataSchema::test_missing_required_field PASSED [ 86%]
tests/test_validation.py::TestPasswordChangeSchema::test_valid_password PASSED [ 89%]
tests/test_validation.py::TestPasswordChangeSchema::test_weak_password PASSED [ 92%]
tests/test_validation.py::TestPasswordChangeSchema::test_no_uppercase PASSED [ 94%]
tests/test_validation.py::TestUserSchema::test_valid_user PASSED         [ 97%]
tests/test_validation.py::TestUserSchema::test_invalid_email PASSED      [100%]

=================================== ERRORS ====================================
_______ ERROR at setup of TestHealthEndpoint.test_health_check_success ________
C:\Users\mfgul\AppData\Local\Programs\Python\Python313\Lib\site-packages\pytest_flask\plugin.py:124: in _configure_application
    app = getfixturevalue(request, "app")
C:\Users\mfgul\AppData\Local\Programs\Python\Python313\Lib\site-packages\pytest_flask\pytest_compat.py:3: in getfixturevalue
    return request.getfixturevalue(value)
tests\conftest.py:19: in app
    app = create_app(TestingConfig)
app\__init__.py:145: in create_app
    from app.api.process.performance_routes import process_performance_bp
app\api\process\performance_routes.py:10: in <module>
    from app.services.process_performance_service import ProcessPerformanceService
E     File "C:\kokpitim\app\services\process_performance_service.py", line 481
E       def get_pg_veri_detay_list(user, surec_pg_id, ceyrek, yil):
E   IndentationError: unexpected indent
______ ERROR at setup of TestHealthEndpoint.test_health_check_structure _______
C:\Users\mfgul\AppData\Local\Programs\Python\Python313\Lib\site-packages\pytest_flask\plugin.py:124: in _configure_application
    app = getfixturevalue(request, "app")
C:\Users\mfgul\AppData\Local\Programs\Python\Python313\Lib\site-packages\pytest_flask\pytest_compat.py:3: in getfixturevalue
    return request.getfixturevalue(value)
tests\conftest.py:19: in app
    app = create_app(TestingConfig)
app\__init__.py:145: in create_app
    from app.api.process.performance_routes import process_performance_bp
app\api\process\performance_routes.py:10: in <module>
    from app.services.process_performance_service import ProcessPerformanceService
E     File "C:\kokpitim\app\services\process_performance_service.py", line 481
E       def get_pg_veri_detay_list(user, surec_pg_id, ceyrek, yil):
E   IndentationError: unexpected indent
_____________ ERROR at setup of test_k_radar_new_endpoints_smoke ______________
C:\Users\mfgul\AppData\Local\Programs\Python\Python313\Lib\site-packages\pytest_flask\plugin.py:124: in _configure_application
    app = getfixturevalue(request, "app")
C:\Users\mfgul\AppData\Local\Programs\Python\Python313\Lib\site-packages\pytest_flask\pytest_compat.py:3: in getfixturevalue
    return request.getfixturevalue(value)
tests\conftest.py:19: in app
    app = create_app(TestingConfig)
app\__init__.py:145: in create_app
    from app.api.process.performance_routes import process_performance_bp
app\api\process\performance_routes.py:10: in <module>
    from app.services.process_performance_service import ProcessPerformanceService
E     File "C:\kokpitim\app\services\process_performance_service.py", line 481
E       def get_pg_veri_detay_list(user, surec_pg_id, ceyrek, yil):
E   IndentationError: unexpected indent
_______ ERROR at setup of test_k_radar_write_forbidden_for_non_manager ________
C:\Users\mfgul\AppData\Local\Programs\Python\Python313\Lib\site-packages\pytest_flask\plugin.py:124: in _configure_application
    app = getfixturevalue(request, "app")
C:\Users\mfgul\AppData\Local\Programs\Python\Python313\Lib\site-packages\pytest_flask\pytest_compat.py:3: in getfixturevalue
    return request.getfixturevalue(value)
tests\conftest.py:19: in app
    app = create_app(TestingConfig)
app\__init__.py:145: in create_app
    from app.api.process.performance_routes import process_performance_bp
app\api\process\performance_routes.py:10: in <module>
    from app.services.process_performance_service import ProcessPerformanceService
E     File "C:\kokpitim\app\services\process_performance_service.py", line 481
E       def get_pg_veri_detay_list(user, surec_pg_id, ceyrek, yil):
E   IndentationError: unexpected indent
____________ ERROR at setup of test_k_radar_tenant_isolation_read _____________
C:\Users\mfgul\AppData\Local\Programs\Python\Python313\Lib\site-packages\pytest_flask\plugin.py:124: in _configure_application
    app = getfixturevalue(request, "app")
C:\Users\mfgul\AppData\Local\Programs\Python\Python313\Lib\site-packages\pytest_flask\pytest_compat.py:3: in getfixturevalue
    return request.getfixturevalue(value)
tests\conftest.py:19: in app
    app = create_app(TestingConfig)
app\__init__.py:145: in create_app
    from app.api.process.performance_routes import process_performance_bp
app\api\process\performance_routes.py:10: in <module>
    from app.services.process_performance_service import ProcessPerformanceService
E     File "C:\kokpitim\app\services\process_performance_service.py", line 481
E       def get_pg_veri_detay_list(user, surec_pg_id, ceyrek, yil):
E   IndentationError: unexpected indent
___ ERROR at setup of test_k_radar_recommendation_history_and_csv_contract ____
C:\Users\mfgul\AppData\Local\Programs\Python\Python313\Lib\site-packages\pytest_flask\plugin.py:124: in _configure_application
    app = getfixturevalue(request, "app")
C:\Users\mfgul\AppData\Local\Programs\Python\Python313\Lib\site-packages\pytest_flask\pytest_compat.py:3: in getfixturevalue
    return request.getfixturevalue(value)
tests\conftest.py:19: in app
    app = create_app(TestingConfig)
app\__init__.py:145: in create_app
    from app.api.process.performance_routes import process_performance_bp
app\api\process\performance_routes.py:10: in <module>
    from app.services.process_performance_service import ProcessPerformanceService
E     File "C:\kokpitim\app\services\process_performance_service.py", line 481
E       def get_pg_veri_detay_list(user, surec_pg_id, ceyrek, yil):
E   IndentationError: unexpected indent
_____________ ERROR at setup of TestUserModel.test_user_creation ______________
C:\Users\mfgul\AppData\Local\Programs\Python\Python313\Lib\site-packages\pytest_flask\plugin.py:124: in _configure_application
    app = getfixturevalue(request, "app")
C:\Users\mfgul\AppData\Local\Programs\Python\Python313\Lib\site-packages\pytest_flask\pytest_compat.py:3: in getfixturevalue
    return request.getfixturevalue(value)
tests\conftest.py:19: in app
    app = create_app(TestingConfig)
app\__init__.py:145: in create_app
    from app.api.process.performance_routes import process_performance_bp
app\api\process\performance_routes.py:10: in <module>
    from app.services.process_performance_service import ProcessPerformanceService
E     File "C:\kokpitim\app\services\process_performance_service.py", line 481
E       def get_pg_veri_detay_list(user, surec_pg_id, ceyrek, yil):
E   IndentationError: unexpected indent
____________ ERROR at setup of TestUserModel.test_password_hashing ____________
C:\Users\mfgul\AppData\Local\Programs\Python\Python313\Lib\site-packages\pytest_flask\plugin.py:124: in _configure_application
    app = getfixturevalue(request, "app")
C:\Users\mfgul\AppData\Local\Programs\Python\Python313\Lib\site-packages\pytest_flask\pytest_compat.py:3: in getfixturevalue
    return request.getfixturevalue(value)
tests\conftest.py:19: in app
    app = create_app(TestingConfig)
app\__init__.py:145: in create_app
    from app.api.process.performance_routes import process_performance_bp
app\api\process\performance_routes.py:10: in <module>
    from app.services.process_performance_service import ProcessPerformanceService
E     File "C:\kokpitim\app\services\process_performance_service.py", line 481
E       def get_pg_veri_detay_list(user, surec_pg_id, ceyrek, yil):
E   IndentationError: unexpected indent
_______________ ERROR at setup of TestUserModel.test_user_repr ________________
C:\Users\mfgul\AppData\Local\Programs\Python\Python313\Lib\site-packages\pytest_flask\plugin.py:124: in _configure_application
    app = getfixturevalue(request, "app")
C:\Users\mfgul\AppData\Local\Programs\Python\Python313\Lib\site-packages\pytest_flask\pytest_compat.py:3: in getfixturevalue
    return request.getfixturevalue(value)
tests\conftest.py:19: in app
    app = create_app(TestingConfig)
app\__init__.py:145: in create_app
    from app.api.process.performance_routes import process_performance_bp
app\api\process\performance_routes.py:10: in <module>
    from app.services.process_performance_service import ProcessPerformanceService
E     File "C:\kokpitim\app\services\process_performance_service.py", line 481
E       def get_pg_veri_detay_list(user, surec_pg_id, ceyrek, yil):
E   IndentationError: unexpected indent
___________ ERROR at setup of TestTenantModel.test_tenant_creation ____________
C:\Users\mfgul\AppData\Local\Programs\Python\Python313\Lib\site-packages\pytest_flask\plugin.py:124: in _configure_application
    app = getfixturevalue(request, "app")
C:\Users\mfgul\AppData\Local\Programs\Python\Python313\Lib\site-packages\pytest_flask\pytest_compat.py:3: in getfixturevalue
    return request.getfixturevalue(value)
tests\conftest.py:19: in app
    app = create_app(TestingConfig)
app\__init__.py:145: in create_app
    from app.api.process.performance_routes import process_performance_bp
app\api\process\performance_routes.py:10: in <module>
    from app.services.process_performance_service import ProcessPerformanceService
E     File "C:\kokpitim\app\services\process_performance_service.py", line 481
E       def get_pg_veri_detay_list(user, surec_pg_id, ceyrek, yil):
E   IndentationError: unexpected indent
_________ ERROR at setup of TestAuditLogModel.test_audit_log_creation _________
C:\Users\mfgul\AppData\Local\Programs\Python\Python313\Lib\site-packages\pytest_flask\plugin.py:124: in _configure_application
    app = getfixturevalue(request, "app")
C:\Users\mfgul\AppData\Local\Programs\Python\Python313\Lib\site-packages\pytest_flask\pytest_compat.py:3: in getfixturevalue
    return request.getfixturevalue(value)
tests\conftest.py:19: in app
    app = create_app(TestingConfig)
app\__init__.py:145: in create_app
    from app.api.process.performance_routes import process_performance_bp
app\api\process\performance_routes.py:10: in <module>
    from app.services.process_performance_service import ProcessPerformanceService
E     File "C:\kokpitim\app\services\process_performance_service.py", line 481
E       def get_pg_veri_detay_list(user, surec_pg_id, ceyrek, yil):
E   IndentationError: unexpected indent
____ ERROR at setup of TestProjectService.test_calculate_veri_tarihi_aylik ____
C:\Users\mfgul\AppData\Local\Programs\Python\Python313\Lib\site-packages\pytest_flask\plugin.py:124: in _configure_application
    app = getfixturevalue(request, "app")
C:\Users\mfgul\AppData\Local\Programs\Python\Python313\Lib\site-packages\pytest_flask\pytest_compat.py:3: in getfixturevalue
    return request.getfixturevalue(value)
tests\conftest.py:19: in app
    app = create_app(TestingConfig)
app\__init__.py:145: in create_app
    from app.api.process.performance_routes import process_performance_bp
app\api\process\performance_routes.py:10: in <module>
    from app.services.process_performance_service import ProcessPerformanceService
E     File "C:\kokpitim\app\services\process_performance_service.py", line 481
E       def get_pg_veri_detay_list(user, surec_pg_id, ceyrek, yil):
E   IndentationError: unexpected indent
___ ERROR at setup of TestProjectService.test_calculate_veri_tarihi_ceyrek ____
C:\Users\mfgul\AppData\Local\Programs\Python\Python313\Lib\site-packages\pytest_flask\plugin.py:124: in _configure_application
    app = getfixturevalue(request, "app")
C:\Users\mfgul\AppData\Local\Programs\Python\Python313\Lib\site-packages\pytest_flask\pytest_compat.py:3: in getfixturevalue
    return request.getfixturevalue(value)
tests\conftest.py:19: in app
    app = create_app(TestingConfig)
app\__init__.py:145: in create_app
    from app.api.process.performance_routes import process_performance_bp
app\api\process\performance_routes.py:10: in <module>
    from app.services.process_performance_service import ProcessPerformanceService
E     File "C:\kokpitim\app\services\process_performance_service.py", line 481
E       def get_pg_veri_detay_list(user, surec_pg_id, ceyrek, yil):
E   IndentationError: unexpected indent
____ ERROR at setup of TestProjectService.test_get_periyot_bilgileri_aylik ____
C:\Users\mfgul\AppData\Local\Programs\Python\Python313\Lib\site-packages\pytest_flask\plugin.py:124: in _configure_application
    app = getfixturevalue(request, "app")
C:\Users\mfgul\AppData\Local\Programs\Python\Python313\Lib\site-packages\pytest_flask\pytest_compat.py:3: in getfixturevalue
    return request.getfixturevalue(value)
tests\conftest.py:19: in app
    app = create_app(TestingConfig)
app\__init__.py:145: in create_app
    from app.api.process.performance_routes import process_performance_bp
app\api\process\performance_routes.py:10: in <module>
    from app.services.process_performance_service import ProcessPerformanceService
E     File "C:\kokpitim\app\services\process_performance_service.py", line 481
E       def get_pg_veri_detay_list(user, surec_pg_id, ceyrek, yil):
E   IndentationError: unexpected indent
_ ERROR at setup of TestProjectService.test_handle_task_completion_no_impacts _
C:\Users\mfgul\AppData\Local\Programs\Python\Python313\Lib\site-packages\pytest_flask\plugin.py:124: in _configure_application
    app = getfixturevalue(request, "app")
C:\Users\mfgul\AppData\Local\Programs\Python\Python313\Lib\site-packages\pytest_flask\pytest_compat.py:3: in getfixturevalue
    return request.getfixturevalue(value)
tests\conftest.py:19: in app
    app = create_app(TestingConfig)
app\__init__.py:145: in create_app
    from app.api.process.performance_routes import process_performance_bp
app\api\process\performance_routes.py:10: in <module>
    from app.services.process_performance_service import ProcessPerformanceService
E     File "C:\kokpitim\app\services\process_performance_service.py", line 481
E       def get_pg_veri_detay_list(user, surec_pg_id, ceyrek, yil):
E   IndentationError: unexpected indent
_ ERROR at setup of TestProjectService.test_handle_task_completion_with_impact _
C:\Users\mfgul\AppData\Local\Programs\Python\Python313\Lib\site-packages\pytest_flask\plugin.py:124: in _configure_application
    app = getfixturevalue(request, "app")
C:\Users\mfgul\AppData\Local\Programs\Python\Python313\Lib\site-packages\pytest_flask\pytest_compat.py:3: in getfixturevalue
    return request.getfixturevalue(value)
tests\conftest.py:19: in app
    app = create_app(TestingConfig)
app\__init__.py:145: in create_app
    from app.api.process.performance_routes import process_performance_bp
app\api\process\performance_routes.py:10: in <module>
    from app.services.process_performance_service import ProcessPerformanceService
E     File "C:\kokpitim\app\services\process_performance_service.py", line 481
E       def get_pg_veri_detay_list(user, surec_pg_id, ceyrek, yil):
E   IndentationError: unexpected indent
================================== FAILURES ===================================
_________________ TestCacheService.test_cache_key_generation __________________
tests\test_services.py:16: in test_cache_key_generation
    key = CacheService._make_key('test', 1, 'data')
E   AttributeError: type object 'CacheService' has no attribute '_make_key'
___________________ TestCacheService.test_tenant_cache_key ____________________
tests\test_services.py:21: in test_tenant_cache_key
    key = CacheService._make_tenant_key(1, 'processes')
E   AttributeError: type object 'CacheService' has no attribute '_make_tenant_key'
_______________________ TestAuditLogger.test_log_create _______________________
C:\Users\mfgul\AppData\Local\Programs\Python\Python313\Lib\unittest\mock.py:1423: in patched
    with self.decoration_helper(patched,
C:\Users\mfgul\AppData\Local\Programs\Python\Python313\Lib\contextlib.py:141: in __enter__
    return next(self.gen)
C:\Users\mfgul\AppData\Local\Programs\Python\Python313\Lib\unittest\mock.py:1405: in decoration_helper
    arg = exit_stack.enter_context(patching)
C:\Users\mfgul\AppData\Local\Programs\Python\Python313\Lib\contextlib.py:530: in enter_context
    result = _enter(cm)
C:\Users\mfgul\AppData\Local\Programs\Python\Python313\Lib\unittest\mock.py:1524: in __enter__
    elif spec is None and _is_async_obj(original):
C:\Users\mfgul\AppData\Local\Programs\Python\Python313\Lib\unittest\mock.py:58: in _is_async_obj
    if hasattr(obj, '__func__'):
C:\Users\mfgul\AppData\Local\Programs\Python\Python313\Lib\site-packages\werkzeug\local.py:311: in __get__
    obj = instance._get_current_object()
C:\Users\mfgul\AppData\Local\Programs\Python\Python313\Lib\site-packages\werkzeug\local.py:508: in _get_current_object
    raise RuntimeError(unbound_message) from None
E   RuntimeError: Working outside of request context.
E   
E   This typically means that you attempted to use functionality that needed
E   an active HTTP request. Consult the documentation on testing for
E   information about how to avoid this problem.
_______________________ TestAuditLogger.test_log_update _______________________
C:\Users\mfgul\AppData\Local\Programs\Python\Python313\Lib\unittest\mock.py:1423: in patched
    with self.decoration_helper(patched,
C:\Users\mfgul\AppData\Local\Programs\Python\Python313\Lib\contextlib.py:141: in __enter__
    return next(self.gen)
C:\Users\mfgul\AppData\Local\Programs\Python\Python313\Lib\unittest\mock.py:1405: in decoration_helper
    arg = exit_stack.enter_context(patching)
C:\Users\mfgul\AppData\Local\Programs\Python\Python313\Lib\contextlib.py:530: in enter_context
    result = _enter(cm)
C:\Users\mfgul\AppData\Local\Programs\Python\Python313\Lib\unittest\mock.py:1524: in __enter__
    elif spec is None and _is_async_obj(original):
C:\Users\mfgul\AppData\Local\Programs\Python\Python313\Lib\unittest\mock.py:58: in _is_async_obj
    if hasattr(obj, '__func__'):
C:\Users\mfgul\AppData\Local\Programs\Python\Python313\Lib\site-packages\werkzeug\local.py:311: in __get__
    obj = instance._get_current_object()
C:\Users\mfgul\AppData\Local\Programs\Python\Python313\Lib\site-packages\werkzeug\local.py:508: in _get_current_object
    raise RuntimeError(unbound_message) from None
E   RuntimeError: Working outside of request context.
E   
E   This typically means that you attempted to use functionality that needed
E   an active HTTP request. Consult the documentation on testing for
E   information about how to avoid this problem.

---------- coverage: platform win32, python 3.13.7-final-0 -----------
Name                                          Stmts   Miss  Cover   Missing
---------------------------------------------------------------------------
app\__init__.py                                  89     24    73%   31-34, 65, 79, 84-95, 147-166
app\api\__init__.py                               0      0   100%
app\api\ai.py                                    60     22    63%   26-28, 35-37, 44-45, 52-55, 62-63, 70-71, 78-79, 86-87, 94-95
app\api\auth.py                                  74     74     0%   7-218
app\api\process\performance_routes.py           131    127     3%   11-183
app\api\push.py                                  52     34    35%   16, 29-34, 41-57, 65-81, 88-110
app\api\routes.py                               133     73    45%   37-54, 67-73, 80-91, 118-135, 146-151, 158-181, 191-204, 223-237, 249-253, 269-279, 292-297, 315-336, 343-350, 371, 383, 388, 393
app\api\swagger.py                               10      0   100%
app\constants\canonical_schema.py                 3      0   100%
app\extensions.py                                19      0   100%
app\models\__init__.py                            8      0   100%
app\models\audit.py                              24      2    92%   50, 53
app\models\core.py                              124      9    93%   95, 100-112, 136, 163, 190
app\models\email_config.py                       26      1    96%   57
app\models\k_radar.py                            15      0   100%
app\models\k_radar_domain.py                    114      0   100%
app\models\notification.py                       55      4    93%   46, 49, 98, 121
app\models\process.py                           411     21    95%   22, 100, 113, 117, 176, 196, 252, 266, 270, 274-275, 303, 325, 352, 414, 418, 422, 498, 551, 600, 663
app\models\saas.py                               37      0   100%
app\routes\__init__.py                            0      0   100%
app\routes\admin.py                             627    536    15%   26-29, 34-37, 42-49, 56-65, 79-191, 206-234, 241-252, 257-260, 267-277, 290-317, 329, 348-353, 360-392, 399-426, 433-441, 449-452, 458-478, 488, 506-552, 559-611, 618-640, 647-665, 676-765, 772-788, 802-809, 829-846, 857-866, 898-954, 961, 968-1016, 1023-1032
app\routes\auth.py                              156    132    15%   20-41, 48-49, 56-100, 107-136, 141-149, 156-211
app\routes\core.py                               37     25    32%   14, 21-61
app\routes\dashboard.py                         170    134    21%   15, 22-27, 34-76, 87-114, 121-146, 153-178, 185-200, 207-217, 224-243, 250-264
app\routes\hgs.py                                 8      2    75%   14, 19
app\routes\process.py                           972    824    15%   41-49, 53-55, 59-63, 67, 71-73, 77, 81, 85-88, 96, 100-103, 110, 114, 118-120, 124-125, 130-153, 157-174, 178-180, 190-195, 209-280, 299-340, 360-406, 413-420, 449-517, 523-534, 544-580, 587-593, 618-649, 655-667, 673-692, 702-751, 757-771, 777-790, 796-822, 828-842, 852-909, 915-926, 945-1057, 1079-1085, 1107-1155, 1162-1199, 1210-1241, 1248-1260, 1267-1273, 1285-1288, 1300-1302, 1309-1350, 1357-1389, 1396-1422, 1429-1460, 1467-1469, 1476-1524, 1536-1588, 1595-1621, 1628-1684, 1698-1741, 1748-1781, 1789
app\routes\strategy.py                           97     77    21%   16-20, 28-36, 49-55, 63-195
app\schemas\__init__.py                           3      0   100%
app\schemas\kpi_schemas.py                       30      4    87%   28, 30, 50-51
app\schemas\process_schemas.py                   17     17     0%   6-31
app\schemas\user_schemas.py                      34      7    79%   21-22, 34-35, 49, 53, 55
app\services\__init__.py                          2      0   100%
app\services\analytics_service.py               130    109    16%   39-90, 111-158, 168-177, 182-202, 219-240, 264-294, 327-383
app\services\anomaly_service.py                  77     61    21%   34-82, 86-93, 97-104, 108-118, 122-125, 129-136, 149-180
app\services\automated_reporting_service.py      61     46    25%   34-64, 76-106, 119-152, 165-202
app\services\cache_service.py                    60     37    38%   15-19, 28-35, 40-60, 69-73, 78-88, 97, 102-115, 124, 129, 134-135
app\services\ml_service.py                      110     93    15%   36-107, 114-124, 137-204, 208-238, 250-301
app\services\muda_analyzer.py                   123    123     0%   7-211
app\services\notification_service.py             90     53    41%   51-70, 76-93, 98-104, 116-128, 140-143, 155-158, 170-177, 182-188, 193-202, 207-212, 217-219
app\services\process_activity_service.py         48     48     0%   3-90
app\services\process_deviation_service.py        58     58     0%   7-125
app\services\process_health_service.py           63     63     0%   8-125
app\services\push_notification_service.py        62     50    19%   19-21, 34-65, 75-89, 105-148, 164-170
app\services\recommendation_service.py           99     84    15%   33-81, 86-130, 134-167, 171-192, 204-287
app\services\report_service.py                   98     78    20%   37-109, 114-132, 141, 154-220, 240-303, 322
app\services\score_engine_service.py            160    146     9%   25-33, 42-58, 62-66, 75-111, 124-248, 257-263
app\services\webhook_service.py                  52     52     0%   7-205
app\socketio_events.py                           75     75     0%   7-165
app\tasks.py                                     46     46     0%   7-88
app\utils\__init__.py                             0      0   100%
app\utils\audit_logger.py                        43     22    49%   31-53, 58, 69, 81, 93, 103, 122-143
app\utils\cache_utils.py                         66     54    18%   16-24, 36-55, 65-77, 87, 97-99, 124-130, 139-180
app\utils\db_sequence.py                         34     28    18%   12-16, 24-46, 51-60
app\utils\decorators.py                          42     32    24%   15-45, 54
app\utils\error_handlers.py                      30     19    37%   23-31, 35-42, 46-53, 59-72
app\utils\error_tracking.py                      51     28    45%   46-69, 74-88, 102-114
app\utils\errors.py                              24     13    46%   10-13, 16-20, 26, 32, 38, 44
app\utils\karne_hesaplamalar.py                 148    148     0%   7-266
app\utils\process_utils.py                      126    114    10%   24-53, 61-79, 84-92, 97-114, 119-125, 130-141, 146-155, 164-181
app\utils\query_optimizer.py                     61     61     0%   5-275
app\utils\security.py                            42     28    33%   32-41, 46-56, 76-99
app\utils\security_decorators.py                 46     46     0%   7-101
app\utils\validation.py                          24     14    42%   25-39, 60-66
---------------------------------------------------------------------------
TOTAL                                          5687   3978    30%
Coverage HTML written to dir htmlcov

FAIL Required test coverage of 50% not reached. Total coverage: 30.05%
=========================== short test summary info ===========================
FAILED tests/test_services.py::TestCacheService::test_cache_key_generation - ...
FAILED tests/test_services.py::TestCacheService::test_tenant_cache_key - Attr...
FAILED tests/test_services.py::TestAuditLogger::test_log_create - RuntimeErro...
FAILED tests/test_services.py::TestAuditLogger::test_log_update - RuntimeErro...
ERROR tests/test_api_health.py::TestHealthEndpoint::test_health_check_success
ERROR tests/test_api_health.py::TestHealthEndpoint::test_health_check_structure
ERROR tests/test_k_radar_regression.py::test_k_radar_new_endpoints_smoke -   ...
ERROR tests/test_k_radar_regression.py::test_k_radar_write_forbidden_for_non_manager
ERROR tests/test_k_radar_regression.py::test_k_radar_tenant_isolation_read - ...
ERROR tests/test_k_radar_regression.py::test_k_radar_recommendation_history_and_csv_contract
ERROR tests/test_models.py::TestUserModel::test_user_creation -   File "C:\ko...
ERROR tests/test_models.py::TestUserModel::test_password_hashing -   File "C:...
ERROR tests/test_models.py::TestUserModel::test_user_repr -   File "C:\kokpit...
ERROR tests/test_models.py::TestTenantModel::test_tenant_creation -   File "C...
ERROR tests/test_models.py::TestAuditLogModel::test_audit_log_creation -   Fi...
ERROR tests/test_project_service.py::TestProjectService::test_calculate_veri_tarihi_aylik
ERROR tests/test_project_service.py::TestProjectService::test_calculate_veri_tarihi_ceyrek
ERROR tests/test_project_service.py::TestProjectService::test_get_periyot_bilgileri_aylik
ERROR tests/test_project_service.py::TestProjectService::test_handle_task_completion_no_impacts
ERROR tests/test_project_service.py::TestProjectService::test_handle_task_completion_with_impact
================== 4 failed, 18 passed, 16 errors in 20.48s ===================
