.venv\Scripts\python.exe : C:\SPY_Cursor\SP_C
ode\config.py:22: UserWarning: SECRET_KEY not
 set. Using development fallback.
At line:1 char:1
+ .venv\Scripts\python.exe tests/test_surec_k
arnesi_full.py > test_outp ...
+ ~~~~~~~~~~~~~~~~~~~~~~~~~~~~~~~~~~~~~~~~~~~
~~~~~~~~~~~~~~~~~~~~~~~~~~
    + CategoryInfo          : NotSpecified:  
   (C:\SPY_Cursor\S...pment fallback.:Strin  
  g) [], RemoteException
    + FullyQualifiedErrorId : NativeCommandE 
   rror
 
  warnings.warn("SECRET_KEY not set. Using de
velopment fallback.", UserWarning)
[2026-01-04 17:08:39,886] INFO in __init__: V
eritaban² tablolar² kontrol edildi ve g³ncell
endi.
[2026-01-04 17:08:40,262] INFO in __init__: V
eritaban² tablolar² kontrol edildi ve g³ncell
endi.
E
=============================================
=========================
ERROR: test_kpi_ve_hesaplama_yontemleri (__ma
in__.TestSurecKarnesiFull.test_kpi_ve_hesapla
ma_yontemleri)
1. Yeni alanlarla (G÷st. T³r³, Hedef Y÷ntemi)
 PG olu■turulmas²n² test et.
---------------------------------------------
-------------------------
Traceback (most recent call last):
  File "C:\SPY_Cursor\SP_Code\tests\test_sure
c_karnesi_full.py", line 26, in setUp
    self.create_test_data()
    ~~~~~~~~~~~~~~~~~~~~~^^
  File "C:\SPY_Cursor\SP_Code\tests\test_sure
c_karnesi_full.py", line 37, in create_test_d
ata
    self.kurum = Kurum(ad="Test Kurumu", kodu
="TST")
                 ~~~~~^^^^^^^^^^^^^^^^^^^^^^^
^^^^^^^
  File "<string>", line 4, in __init__
  File "C:\SPY_Cursor\SP_Code\.venv\Lib\site-
packages\sqlalchemy\orm\state.py", line 571, 
in _initialize_instance
    with util.safe_reraise():
         ~~~~~~~~~~~~~~~~~^^
  File "C:\SPY_Cursor\SP_Code\.venv\Lib\site-
packages\sqlalchemy\util\langhelpers.py", lin
e 224, in __exit__
    raise exc_value.with_traceback(exc_tb)
  File "C:\SPY_Cursor\SP_Code\.venv\Lib\site-
packages\sqlalchemy\orm\state.py", line 569, 
in _initialize_instance
    manager.original_init(*mixed[1:], **kwarg
s)
    ~~~~~~~~~~~~~~~~~~~~~^^^^^^^^^^^^^^^^^^^^
^^
  File "C:\SPY_Cursor\SP_Code\.venv\Lib\site-
packages\sqlalchemy\orm\decl_base.py", line 2
179, in _declarative_constructor
    raise TypeError(
        "%r is an invalid keyword argument fo
r %s" % (k, cls_.__name__)
    )
TypeError: 'ad' is an invalid keyword argumen
t for Kurum

---------------------------------------------
-------------------------
Ran 1 test in 0.146s

FAILED (errors=1)
